Analysis & Synthesis report for Six-digit_Electronic_Lock_Controller
Tue Jun 04 15:51:35 2024
Version 6.0 Build 202 06/20/2006 Service Pack 1 SJ Full Version


---------------------
; Table of Contents ;
---------------------
  1. Legal Notice
  2. Analysis & Synthesis Summary
  3. Analysis & Synthesis Settings
  4. Analysis & Synthesis Source Files Read
  5. Analysis & Synthesis Messages



----------------
; Legal Notice ;
----------------
Copyright (C) 1991-2006 Altera Corporation
Your use of Altera Corporation's design tools, logic functions 
and other software and tools, and its AMPP partner logic 
functions, and any output files any of the foregoing 
(including device programming or simulation files), and any 
associated documentation or information are expressly subject 
to the terms and conditions of the Altera Program License 
Subscription Agreement, Altera MegaCore Function License 
Agreement, or other applicable license agreement, including, 
without limitation, that your use is for the sole purpose of 
programming logic devices manufactured by Altera and sold by 
Altera or its authorized distributors.  Please refer to the 
applicable agreement for further details.



+-----------------------------------------------------------------------------+
; Analysis & Synthesis Summary                                                ;
+-----------------------------+-----------------------------------------------+
; Analysis & Synthesis Status ; Failed - Tue Jun 04 15:51:35 2024             ;
; Quartus II Version          ; 6.0 Build 202 06/20/2006 SP 1 SJ Full Version ;
; Revision Name               ; Six-digit_Electronic_Lock_Controller          ;
; Top-level Entity Name       ; Six-digit_Electronic_Lock_Controller          ;
; Family                      ; Stratix                                       ;
+-----------------------------+-----------------------------------------------+


+--------------------------------------------------------------------------------------------------------------------------------------------------+
; Analysis & Synthesis Settings                                                                                                                    ;
+--------------------------------------------------------------------+--------------------------------------+--------------------------------------+
; Option                                                             ; Setting                              ; Default Value                        ;
+--------------------------------------------------------------------+--------------------------------------+--------------------------------------+
; Top-level entity name                                              ; Six-digit_Electronic_Lock_Controller ; Six-digit_Electronic_Lock_Controller ;
; Family name                                                        ; Stratix                              ; Stratix                              ;
; Use smart compilation                                              ; Off                                  ; Off                                  ;
; Restructure Multiplexers                                           ; Auto                                 ; Auto                                 ;
; Create Debugging Nodes for IP Cores                                ; Off                                  ; Off                                  ;
; Preserve fewer node names                                          ; On                                   ; On                                   ;
; Disable OpenCore Plus hardware evaluation                          ; Off                                  ; Off                                  ;
; Verilog Version                                                    ; Verilog_2001                         ; Verilog_2001                         ;
; VHDL Version                                                       ; VHDL93                               ; VHDL93                               ;
; State Machine Processing                                           ; Auto                                 ; Auto                                 ;
; Extract Verilog State Machines                                     ; On                                   ; On                                   ;
; Extract VHDL State Machines                                        ; On                                   ; On                                   ;
; Add Pass-Through Logic to Inferred RAMs                            ; On                                   ; On                                   ;
; DSP Block Balancing                                                ; Auto                                 ; Auto                                 ;
; Maximum DSP Block Usage                                            ; Unlimited                            ; Unlimited                            ;
; NOT Gate Push-Back                                                 ; On                                   ; On                                   ;
; Power-Up Don't Care                                                ; On                                   ; On                                   ;
; Remove Redundant Logic Cells                                       ; Off                                  ; Off                                  ;
; Remove Duplicate Registers                                         ; On                                   ; On                                   ;
; Ignore CARRY Buffers                                               ; Off                                  ; Off                                  ;
; Ignore CASCADE Buffers                                             ; Off                                  ; Off                                  ;
; Ignore GLOBAL Buffers                                              ; Off                                  ; Off                                  ;
; Ignore ROW GLOBAL Buffers                                          ; Off                                  ; Off                                  ;
; Ignore LCELL Buffers                                               ; Off                                  ; Off                                  ;
; Ignore SOFT Buffers                                                ; On                                   ; On                                   ;
; Limit AHDL Integers to 32 Bits                                     ; Off                                  ; Off                                  ;
; Optimization Technique -- Stratix/Stratix GX                       ; Balanced                             ; Balanced                             ;
; Carry Chain Length -- Stratix/Stratix GX/Cyclone/MAX II/Cyclone II ; 70                                   ; 70                                   ;
; Auto Carry Chains                                                  ; On                                   ; On                                   ;
; Auto Open-Drain Pins                                               ; On                                   ; On                                   ;
; Remove Duplicate Logic                                             ; On                                   ; On                                   ;
; Perform WYSIWYG Primitive Resynthesis                              ; Off                                  ; Off                                  ;
; Perform gate-level register retiming                               ; Off                                  ; Off                                  ;
; Allow register retiming to trade off Tsu/Tco with Fmax             ; On                                   ; On                                   ;
; Auto ROM Replacement                                               ; On                                   ; On                                   ;
; Auto RAM Replacement                                               ; On                                   ; On                                   ;
; Auto DSP Block Replacement                                         ; On                                   ; On                                   ;
; Auto Shift Register Replacement                                    ; On                                   ; On                                   ;
; Auto Clock Enable Replacement                                      ; On                                   ; On                                   ;
; Allow Synchronous Control Signals                                  ; On                                   ; On                                   ;
; Force Use of Synchronous Clear Signals                             ; Off                                  ; Off                                  ;
; Auto RAM Block Balancing                                           ; On                                   ; On                                   ;
; Auto Resource Sharing                                              ; Off                                  ; Off                                  ;
; Allow Any RAM Size For Recognition                                 ; Off                                  ; Off                                  ;
; Allow Any ROM Size For Recognition                                 ; Off                                  ; Off                                  ;
; Allow Any Shift Register Size For Recognition                      ; Off                                  ; Off                                  ;
; Maximum Number of M512 Memory Blocks                               ; Unlimited                            ; Unlimited                            ;
; Maximum Number of M4K Memory Blocks                                ; Unlimited                            ; Unlimited                            ;
; Maximum Number of M-RAM Memory Blocks                              ; Unlimited                            ; Unlimited                            ;
; Ignore translate_off and translate_on Synthesis Directives         ; Off                                  ; Off                                  ;
; Show Parameter Settings Tables in Synthesis Report                 ; On                                   ; On                                   ;
; Ignore Maximum Fan-Out Assignments                                 ; Off                                  ; Off                                  ;
; Retiming Meta-Stability Register Sequence Length                   ; 2                                    ; 2                                    ;
; PowerPlay Power Optimization                                       ; Normal compilation                   ; Normal compilation                   ;
; HDL message level                                                  ; Level2                               ; Level2                               ;
+--------------------------------------------------------------------+--------------------------------------+--------------------------------------+


+-----------------------------------------------------------------------------------------------+
; Analysis & Synthesis Source Files Read                                                        ;
+----------------------------------+-----------------+-----------+------------------------------+
; File Name with User-Entered Path ; Used in Netlist ; File Type ; File Name with Absolute Path ;
+----------------------------------+-----------------+-----------+------------------------------+


+-------------------------------+
; Analysis & Synthesis Messages ;
+-------------------------------+
Info: *******************************************************************
Info: Running Quartus II Analysis & Synthesis
    Info: Version 6.0 Build 202 06/20/2006 Service Pack 1 SJ Full Version
    Info: Processing started: Tue Jun 04 15:51:35 2024
Info: Command: quartus_map --read_settings_files=on --write_settings_files=off Six-digit_Electronic_Lock_Controller -c Six-digit_Electronic_Lock_Controller
Info: Found 1 design units, including 1 entities, in source file judge.v
    Info: Found entity 1: judge
Error: Top-level design entity "Six-digit_Electronic_Lock_Controller" is undefined
Error: Quartus II Analysis & Synthesis was unsuccessful. 1 error, 0 warnings
    Error: Processing ended: Tue Jun 04 15:51:35 2024
    Error: Elapsed time: 00:00:00


