--------------------------------------------------------------------------------------
Timing Analyzer Summary
--------------------------------------------------------------------------------------

Type           : Worst-case tsu
Slack          : N/A
Required Time  : None
Actual Time    : 7.900 ns
From           : a1
To             : error_counter:error_cnt|error_count[1]
From Clock     : --
To Clock       : clk
Failed Paths   : 0

Type           : Worst-case tco
Slack          : N/A
Required Time  : None
Actual Time    : 10.600 ns
From           : out1_reg[0]
To             : out1[0]
From Clock     : clk
To Clock       : --
Failed Paths   : 0

Type           : Worst-case th
Slack          : N/A
Required Time  : None
Actual Time    : 5.200 ns
From           : inB[3]
To             : passwd_register:set_password2|register:r4|q[3]
From Clock     : --
To Clock       : clk
Failed Paths   : 0

Type           : Clock Setup: 'clk'
Slack          : N/A
Required Time  : None
Actual Time    : 40.65 MHz ( period = 24.600 ns )
From           : passwd_register:set_password4|register:r5|q[3]
To             : error_counter:error_cnt|error_count[1]
From Clock     : clk
To Clock       : clk
Failed Paths   : 0

Type           : Clock Setup: 'true_clk'
Slack          : N/A
Required Time  : None
Actual Time    : 243.90 MHz ( period = 4.100 ns )
From           : led_flasher:led_fls|second_count[3]
To             : led_flasher:led_fls|second_count[3]
From Clock     : true_clk
To Clock       : true_clk
Failed Paths   : 0

Type           : Total number of failed paths
Slack          : 
Required Time  : 
Actual Time    : 
From           : 
To             : 
From Clock     : 
To Clock       : 
Failed Paths   : 0

--------------------------------------------------------------------------------------

