Analysis & Synthesis report for SixDigit_Electronic_Lock_Controller
Sun Jun 16 02:27:25 2024
Version 6.0 Build 202 06/20/2006 Service Pack 1 SJ Full Version


---------------------
; Table of Contents ;
---------------------
  1. Legal Notice
  2. Analysis & Synthesis Summary
  3. Analysis & Synthesis Settings
  4. Analysis & Synthesis Source Files Read
  5. Analysis & Synthesis Resource Usage Summary
  6. Analysis & Synthesis Resource Utilization by Entity
  7. State Machine - |SixDigit_Electronic_Lock_Controller|led_flasher:led_fls|state
  8. General Register Statistics
  9. Multiplexer Restructuring Statistics (Restructuring Performed)
 10. Parameter Settings for User Entity Instance: led_flasher:led_fls
 11. Analysis & Synthesis Messages



----------------
; Legal Notice ;
----------------
Copyright (C) 1991-2006 Altera Corporation
Your use of Altera Corporation's design tools, logic functions 
and other software and tools, and its AMPP partner logic 
functions, and any output files any of the foregoing 
(including device programming or simulation files), and any 
associated documentation or information are expressly subject 
to the terms and conditions of the Altera Program License 
Subscription Agreement, Altera MegaCore Function License 
Agreement, or other applicable license agreement, including, 
without limitation, that your use is for the sole purpose of 
programming logic devices manufactured by Altera and sold by 
Altera or its authorized distributors.  Please refer to the 
applicable agreement for further details.



+-----------------------------------------------------------------------------+
; Analysis & Synthesis Summary                                                ;
+-----------------------------+-----------------------------------------------+
; Analysis & Synthesis Status ; Successful - Sun Jun 16 02:27:25 2024         ;
; Quartus II Version          ; 6.0 Build 202 06/20/2006 SP 1 SJ Full Version ;
; Revision Name               ; SixDigit_Electronic_Lock_Controller           ;
; Top-level Entity Name       ; SixDigit_Electronic_Lock_Controller           ;
; Family                      ; Stratix                                       ;
; Total logic elements        ; 303                                           ;
; Total pins                  ; 162                                           ;
; Total virtual pins          ; 0                                             ;
; Total memory bits           ; 0                                             ;
; DSP block 9-bit elements    ; 0                                             ;
; Total PLLs                  ; 0                                             ;
; Total DLLs                  ; 0                                             ;
+-----------------------------+-----------------------------------------------+


+------------------------------------------------------------------------------------------------------------------------------------------------+
; Analysis & Synthesis Settings                                                                                                                  ;
+--------------------------------------------------------------------+-------------------------------------+-------------------------------------+
; Option                                                             ; Setting                             ; Default Value                       ;
+--------------------------------------------------------------------+-------------------------------------+-------------------------------------+
; Top-level entity name                                              ; SixDigit_Electronic_Lock_Controller ; SixDigit_Electronic_Lock_Controller ;
; Family name                                                        ; Stratix                             ; Stratix                             ;
; Use smart compilation                                              ; Off                                 ; Off                                 ;
; Restructure Multiplexers                                           ; Auto                                ; Auto                                ;
; Create Debugging Nodes for IP Cores                                ; Off                                 ; Off                                 ;
; Preserve fewer node names                                          ; On                                  ; On                                  ;
; Disable OpenCore Plus hardware evaluation                          ; Off                                 ; Off                                 ;
; Verilog Version                                                    ; Verilog_2001                        ; Verilog_2001                        ;
; VHDL Version                                                       ; VHDL93                              ; VHDL93                              ;
; State Machine Processing                                           ; Auto                                ; Auto                                ;
; Extract Verilog State Machines                                     ; On                                  ; On                                  ;
; Extract VHDL State Machines                                        ; On                                  ; On                                  ;
; Add Pass-Through Logic to Inferred RAMs                            ; On                                  ; On                                  ;
; DSP Block Balancing                                                ; Auto                                ; Auto                                ;
; Maximum DSP Block Usage                                            ; Unlimited                           ; Unlimited                           ;
; NOT Gate Push-Back                                                 ; On                                  ; On                                  ;
; Power-Up Don't Care                                                ; On                                  ; On                                  ;
; Remove Redundant Logic Cells                                       ; Off                                 ; Off                                 ;
; Remove Duplicate Registers                                         ; On                                  ; On                                  ;
; Ignore CARRY Buffers                                               ; Off                                 ; Off                                 ;
; Ignore CASCADE Buffers                                             ; Off                                 ; Off                                 ;
; Ignore GLOBAL Buffers                                              ; Off                                 ; Off                                 ;
; Ignore ROW GLOBAL Buffers                                          ; Off                                 ; Off                                 ;
; Ignore LCELL Buffers                                               ; Off                                 ; Off                                 ;
; Ignore SOFT Buffers                                                ; On                                  ; On                                  ;
; Limit AHDL Integers to 32 Bits                                     ; Off                                 ; Off                                 ;
; Optimization Technique -- Stratix/Stratix GX                       ; Balanced                            ; Balanced                            ;
; Carry Chain Length -- Stratix/Stratix GX/Cyclone/MAX II/Cyclone II ; 70                                  ; 70                                  ;
; Auto Carry Chains                                                  ; On                                  ; On                                  ;
; Auto Open-Drain Pins                                               ; On                                  ; On                                  ;
; Remove Duplicate Logic                                             ; On                                  ; On                                  ;
; Perform WYSIWYG Primitive Resynthesis                              ; Off                                 ; Off                                 ;
; Perform gate-level register retiming                               ; Off                                 ; Off                                 ;
; Allow register retiming to trade off Tsu/Tco with Fmax             ; On                                  ; On                                  ;
; Auto ROM Replacement                                               ; On                                  ; On                                  ;
; Auto RAM Replacement                                               ; On                                  ; On                                  ;
; Auto DSP Block Replacement                                         ; On                                  ; On                                  ;
; Auto Shift Register Replacement                                    ; On                                  ; On                                  ;
; Auto Clock Enable Replacement                                      ; On                                  ; On                                  ;
; Allow Synchronous Control Signals                                  ; On                                  ; On                                  ;
; Force Use of Synchronous Clear Signals                             ; Off                                 ; Off                                 ;
; Auto RAM Block Balancing                                           ; On                                  ; On                                  ;
; Auto Resource Sharing                                              ; Off                                 ; Off                                 ;
; Allow Any RAM Size For Recognition                                 ; Off                                 ; Off                                 ;
; Allow Any ROM Size For Recognition                                 ; Off                                 ; Off                                 ;
; Allow Any Shift Register Size For Recognition                      ; Off                                 ; Off                                 ;
; Maximum Number of M512 Memory Blocks                               ; Unlimited                           ; Unlimited                           ;
; Maximum Number of M4K Memory Blocks                                ; Unlimited                           ; Unlimited                           ;
; Maximum Number of M-RAM Memory Blocks                              ; Unlimited                           ; Unlimited                           ;
; Ignore translate_off and translate_on Synthesis Directives         ; Off                                 ; Off                                 ;
; Show Parameter Settings Tables in Synthesis Report                 ; On                                  ; On                                  ;
; Ignore Maximum Fan-Out Assignments                                 ; Off                                 ; Off                                 ;
; Retiming Meta-Stability Register Sequence Length                   ; 2                                   ; 2                                   ;
; PowerPlay Power Optimization                                       ; Normal compilation                  ; Normal compilation                  ;
; HDL message level                                                  ; Level2                              ; Level2                              ;
+--------------------------------------------------------------------+-------------------------------------+-------------------------------------+


+-----------------------------------------------------------------------------------------------------------------------------------------------------------------------------------------+
; Analysis & Synthesis Source Files Read                                                                                                                                                  ;
+---------------------------------------+-----------------+------------------------+------------------------------------------------------------------------------------------------------+
; File Name with User-Entered Path      ; Used in Netlist ; File Type              ; File Name with Absolute Path                                                                         ;
+---------------------------------------+-----------------+------------------------+------------------------------------------------------------------------------------------------------+
; SixDigit_Electronic_Lock_Controller.v ; yes             ; User Verilog HDL File  ; C:/Users/ASUS/Desktop/Six-digit_Electronic_Lock_Controller/src/SixDigit_Electronic_Lock_Controller.v ;
; register.v                            ; yes             ; User Verilog HDL File  ; C:/Users/ASUS/Desktop/Six-digit_Electronic_Lock_Controller/src/register.v                            ;
; passwd_register.v                     ; yes             ; User Verilog HDL File  ; C:/Users/ASUS/Desktop/Six-digit_Electronic_Lock_Controller/src/passwd_register.v                     ;
; yima2to4.v                            ; yes             ; User Verilog HDL File  ; C:/Users/ASUS/Desktop/Six-digit_Electronic_Lock_Controller/src/yima2to4.v                            ;
; error_counter.v                       ; yes             ; User Verilog HDL File  ; C:/Users/ASUS/Desktop/Six-digit_Electronic_Lock_Controller/src/error_counter.v                       ;
; led_flasher.v                         ; yes             ; User Verilog HDL File  ; C:/Users/ASUS/Desktop/Six-digit_Electronic_Lock_Controller/src/led_flasher.v                         ;
; timer.v                               ; yes             ; User Verilog HDL File  ; C:/Users/ASUS/Desktop/Six-digit_Electronic_Lock_Controller/src/timer.v                               ;
; mode_switch_checker.v                 ; yes             ; User Verilog HDL File  ; C:/Users/ASUS/Desktop/Six-digit_Electronic_Lock_Controller/src/mode_switch_checker.v                 ;
; judge.v                               ; yes             ; Other                  ; C:/Users/ASUS/Desktop/Six-digit_Electronic_Lock_Controller/src/judge.v                               ;
+---------------------------------------+-----------------+------------------------+------------------------------------------------------------------------------------------------------+


+-----------------------------------------------------+
; Analysis & Synthesis Resource Usage Summary         ;
+---------------------------------------------+-------+
; Resource                                    ; Usage ;
+---------------------------------------------+-------+
; Total logic elements                        ; 303   ;
;     -- Combinational with no register       ; 122   ;
;     -- Register only                        ; 145   ;
;     -- Combinational with a register        ; 36    ;
;                                             ;       ;
; Logic element usage by number of LUT inputs ;       ;
;     -- 4 input functions                    ; 108   ;
;     -- 3 input functions                    ; 11    ;
;     -- 2 input functions                    ; 37    ;
;     -- 1 input functions                    ; 2     ;
;     -- 0 input functions                    ; 0     ;
;         -- Combinational cells for routing  ; 0     ;
;                                             ;       ;
; Logic elements by mode                      ;       ;
;     -- normal mode                          ; 281   ;
;     -- arithmetic mode                      ; 22    ;
;     -- qfbk mode                            ; 0     ;
;     -- register cascade mode                ; 0     ;
;     -- synchronous clear/load mode          ; 0     ;
;     -- asynchronous clear/load mode         ; 120   ;
;                                             ;       ;
; Total registers                             ; 181   ;
; Total logic cells in carry chains           ; 23    ;
; I/O pins                                    ; 162   ;
; Maximum fan-out node                        ; clk   ;
; Maximum fan-out                             ; 30    ;
; Total fan-out                               ; 1161  ;
; Average fan-out                             ; 2.50  ;
+---------------------------------------------+-------+


+------------------------------------------------------------------------------------------------------------------------------------------------------------------------------------------------------------------------------------------------------------------------------------------------------------------------------------------------------+
; Analysis & Synthesis Resource Utilization by Entity                                                                                                                                                                                                                                                                                                  ;
+--------------------------------------+-------------+--------------+-------------+-------+------+--------+--------------+---------+-----------+-----------+------+--------------+--------------+-------------------+------------------+-----------------+------------+--------------------------------------------------------------------------------+
; Compilation Hierarchy Node           ; Logic Cells ; LC Registers ; Memory Bits ; M512s ; M4Ks ; M-RAMs ; DSP Elements ; DSP 9x9 ; DSP 18x18 ; DSP 36x36 ; Pins ; Virtual Pins ; LUT-Only LCs ; Register-Only LCs ; LUT/Register LCs ; Carry Chain LCs ; Packed LCs ; Full Hierarchy Name                                                            ;
+--------------------------------------+-------------+--------------+-------------+-------+------+--------+--------------+---------+-----------+-----------+------+--------------+--------------+-------------------+------------------+-----------------+------------+--------------------------------------------------------------------------------+
; |SixDigit_Electronic_Lock_Controller ; 303 (112)   ; 181          ; 0           ; 0     ; 0    ; 0      ; 0            ; 0       ; 0         ; 0         ; 162  ; 0            ; 122 (87)     ; 145 (24)          ; 36 (1)           ; 23 (0)          ; 0 (0)      ; |SixDigit_Electronic_Lock_Controller                                           ;
;    |error_counter:error_cnt|         ; 2 (2)       ; 2            ; 0           ; 0     ; 0    ; 0      ; 0            ; 0       ; 0         ; 0         ; 0    ; 0            ; 0 (0)        ; 0 (0)             ; 2 (2)            ; 0 (0)           ; 0 (0)      ; |SixDigit_Electronic_Lock_Controller|error_counter:error_cnt                   ;
;    |led_flasher:led_fls|             ; 11 (11)     ; 8            ; 0           ; 0     ; 0    ; 0      ; 0            ; 0       ; 0         ; 0         ; 0    ; 0            ; 3 (3)        ; 1 (1)             ; 7 (7)            ; 0 (0)           ; 0 (0)      ; |SixDigit_Electronic_Lock_Controller|led_flasher:led_fls                       ;
;    |mode_switch_checker:mode_chk|    ; 1 (1)       ; 1            ; 0           ; 0     ; 0    ; 0      ; 0            ; 0       ; 0         ; 0         ; 0    ; 0            ; 0 (0)        ; 0 (0)             ; 1 (1)            ; 0 (0)           ; 0 (0)      ; |SixDigit_Electronic_Lock_Controller|mode_switch_checker:mode_chk              ;
;    |passwd_register:cin_password|    ; 34 (10)     ; 24           ; 0           ; 0     ; 0    ; 0      ; 0            ; 0       ; 0         ; 0         ; 0    ; 0            ; 10 (10)      ; 24 (0)            ; 0 (0)            ; 0 (0)           ; 0 (0)      ; |SixDigit_Electronic_Lock_Controller|passwd_register:cin_password              ;
;       |register:r1|                  ; 4 (4)       ; 4            ; 0           ; 0     ; 0    ; 0      ; 0            ; 0       ; 0         ; 0         ; 0    ; 0            ; 0 (0)        ; 4 (4)             ; 0 (0)            ; 0 (0)           ; 0 (0)      ; |SixDigit_Electronic_Lock_Controller|passwd_register:cin_password|register:r1  ;
;       |register:r2|                  ; 4 (4)       ; 4            ; 0           ; 0     ; 0    ; 0      ; 0            ; 0       ; 0         ; 0         ; 0    ; 0            ; 0 (0)        ; 4 (4)             ; 0 (0)            ; 0 (0)           ; 0 (0)      ; |SixDigit_Electronic_Lock_Controller|passwd_register:cin_password|register:r2  ;
;       |register:r3|                  ; 4 (4)       ; 4            ; 0           ; 0     ; 0    ; 0      ; 0            ; 0       ; 0         ; 0         ; 0    ; 0            ; 0 (0)        ; 4 (4)             ; 0 (0)            ; 0 (0)           ; 0 (0)      ; |SixDigit_Electronic_Lock_Controller|passwd_register:cin_password|register:r3  ;
;       |register:r4|                  ; 4 (4)       ; 4            ; 0           ; 0     ; 0    ; 0      ; 0            ; 0       ; 0         ; 0         ; 0    ; 0            ; 0 (0)        ; 4 (4)             ; 0 (0)            ; 0 (0)           ; 0 (0)      ; |SixDigit_Electronic_Lock_Controller|passwd_register:cin_password|register:r4  ;
;       |register:r5|                  ; 4 (4)       ; 4            ; 0           ; 0     ; 0    ; 0      ; 0            ; 0       ; 0         ; 0         ; 0    ; 0            ; 0 (0)        ; 4 (4)             ; 0 (0)            ; 0 (0)           ; 0 (0)      ; |SixDigit_Electronic_Lock_Controller|passwd_register:cin_password|register:r5  ;
;       |register:r6|                  ; 4 (4)       ; 4            ; 0           ; 0     ; 0    ; 0      ; 0            ; 0       ; 0         ; 0         ; 0    ; 0            ; 0 (0)        ; 4 (4)             ; 0 (0)            ; 0 (0)           ; 0 (0)      ; |SixDigit_Electronic_Lock_Controller|passwd_register:cin_password|register:r6  ;
;    |passwd_register:set_password1|   ; 29 (5)      ; 24           ; 0           ; 0     ; 0    ; 0      ; 0            ; 0       ; 0         ; 0         ; 0    ; 0            ; 5 (5)        ; 24 (0)            ; 0 (0)            ; 0 (0)           ; 0 (0)      ; |SixDigit_Electronic_Lock_Controller|passwd_register:set_password1             ;
;       |register:r1|                  ; 4 (4)       ; 4            ; 0           ; 0     ; 0    ; 0      ; 0            ; 0       ; 0         ; 0         ; 0    ; 0            ; 0 (0)        ; 4 (4)             ; 0 (0)            ; 0 (0)           ; 0 (0)      ; |SixDigit_Electronic_Lock_Controller|passwd_register:set_password1|register:r1 ;
;       |register:r2|                  ; 4 (4)       ; 4            ; 0           ; 0     ; 0    ; 0      ; 0            ; 0       ; 0         ; 0         ; 0    ; 0            ; 0 (0)        ; 4 (4)             ; 0 (0)            ; 0 (0)           ; 0 (0)      ; |SixDigit_Electronic_Lock_Controller|passwd_register:set_password1|register:r2 ;
;       |register:r3|                  ; 4 (4)       ; 4            ; 0           ; 0     ; 0    ; 0      ; 0            ; 0       ; 0         ; 0         ; 0    ; 0            ; 0 (0)        ; 4 (4)             ; 0 (0)            ; 0 (0)           ; 0 (0)      ; |SixDigit_Electronic_Lock_Controller|passwd_register:set_password1|register:r3 ;
;       |register:r4|                  ; 4 (4)       ; 4            ; 0           ; 0     ; 0    ; 0      ; 0            ; 0       ; 0         ; 0         ; 0    ; 0            ; 0 (0)        ; 4 (4)             ; 0 (0)            ; 0 (0)           ; 0 (0)      ; |SixDigit_Electronic_Lock_Controller|passwd_register:set_password1|register:r4 ;
;       |register:r5|                  ; 4 (4)       ; 4            ; 0           ; 0     ; 0    ; 0      ; 0            ; 0       ; 0         ; 0         ; 0    ; 0            ; 0 (0)        ; 4 (4)             ; 0 (0)            ; 0 (0)           ; 0 (0)      ; |SixDigit_Electronic_Lock_Controller|passwd_register:set_password1|register:r5 ;
;       |register:r6|                  ; 4 (4)       ; 4            ; 0           ; 0     ; 0    ; 0      ; 0            ; 0       ; 0         ; 0         ; 0    ; 0            ; 0 (0)        ; 4 (4)             ; 0 (0)            ; 0 (0)           ; 0 (0)      ; |SixDigit_Electronic_Lock_Controller|passwd_register:set_password1|register:r6 ;
;    |passwd_register:set_password2|   ; 27 (3)      ; 24           ; 0           ; 0     ; 0    ; 0      ; 0            ; 0       ; 0         ; 0         ; 0    ; 0            ; 3 (3)        ; 24 (0)            ; 0 (0)            ; 0 (0)           ; 0 (0)      ; |SixDigit_Electronic_Lock_Controller|passwd_register:set_password2             ;
;       |register:r1|                  ; 4 (4)       ; 4            ; 0           ; 0     ; 0    ; 0      ; 0            ; 0       ; 0         ; 0         ; 0    ; 0            ; 0 (0)        ; 4 (4)             ; 0 (0)            ; 0 (0)           ; 0 (0)      ; |SixDigit_Electronic_Lock_Controller|passwd_register:set_password2|register:r1 ;
;       |register:r2|                  ; 4 (4)       ; 4            ; 0           ; 0     ; 0    ; 0      ; 0            ; 0       ; 0         ; 0         ; 0    ; 0            ; 0 (0)        ; 4 (4)             ; 0 (0)            ; 0 (0)           ; 0 (0)      ; |SixDigit_Electronic_Lock_Controller|passwd_register:set_password2|register:r2 ;
;       |register:r3|                  ; 4 (4)       ; 4            ; 0           ; 0     ; 0    ; 0      ; 0            ; 0       ; 0         ; 0         ; 0    ; 0            ; 0 (0)        ; 4 (4)             ; 0 (0)            ; 0 (0)           ; 0 (0)      ; |SixDigit_Electronic_Lock_Controller|passwd_register:set_password2|register:r3 ;
;       |register:r4|                  ; 4 (4)       ; 4            ; 0           ; 0     ; 0    ; 0      ; 0            ; 0       ; 0         ; 0         ; 0    ; 0            ; 0 (0)        ; 4 (4)             ; 0 (0)            ; 0 (0)           ; 0 (0)      ; |SixDigit_Electronic_Lock_Controller|passwd_register:set_password2|register:r4 ;
;       |register:r5|                  ; 4 (4)       ; 4            ; 0           ; 0     ; 0    ; 0      ; 0            ; 0       ; 0         ; 0         ; 0    ; 0            ; 0 (0)        ; 4 (4)             ; 0 (0)            ; 0 (0)           ; 0 (0)      ; |SixDigit_Electronic_Lock_Controller|passwd_register:set_password2|register:r5 ;
;       |register:r6|                  ; 4 (4)       ; 4            ; 0           ; 0     ; 0    ; 0      ; 0            ; 0       ; 0         ; 0         ; 0    ; 0            ; 0 (0)        ; 4 (4)             ; 0 (0)            ; 0 (0)           ; 0 (0)      ; |SixDigit_Electronic_Lock_Controller|passwd_register:set_password2|register:r6 ;
;    |passwd_register:set_password3|   ; 27 (3)      ; 24           ; 0           ; 0     ; 0    ; 0      ; 0            ; 0       ; 0         ; 0         ; 0    ; 0            ; 3 (3)        ; 24 (0)            ; 0 (0)            ; 0 (0)           ; 0 (0)      ; |SixDigit_Electronic_Lock_Controller|passwd_register:set_password3             ;
;       |register:r1|                  ; 4 (4)       ; 4            ; 0           ; 0     ; 0    ; 0      ; 0            ; 0       ; 0         ; 0         ; 0    ; 0            ; 0 (0)        ; 4 (4)             ; 0 (0)            ; 0 (0)           ; 0 (0)      ; |SixDigit_Electronic_Lock_Controller|passwd_register:set_password3|register:r1 ;
;       |register:r2|                  ; 4 (4)       ; 4            ; 0           ; 0     ; 0    ; 0      ; 0            ; 0       ; 0         ; 0         ; 0    ; 0            ; 0 (0)        ; 4 (4)             ; 0 (0)            ; 0 (0)           ; 0 (0)      ; |SixDigit_Electronic_Lock_Controller|passwd_register:set_password3|register:r2 ;
;       |register:r3|                  ; 4 (4)       ; 4            ; 0           ; 0     ; 0    ; 0      ; 0            ; 0       ; 0         ; 0         ; 0    ; 0            ; 0 (0)        ; 4 (4)             ; 0 (0)            ; 0 (0)           ; 0 (0)      ; |SixDigit_Electronic_Lock_Controller|passwd_register:set_password3|register:r3 ;
;       |register:r4|                  ; 4 (4)       ; 4            ; 0           ; 0     ; 0    ; 0      ; 0            ; 0       ; 0         ; 0         ; 0    ; 0            ; 0 (0)        ; 4 (4)             ; 0 (0)            ; 0 (0)           ; 0 (0)      ; |SixDigit_Electronic_Lock_Controller|passwd_register:set_password3|register:r4 ;
;       |register:r5|                  ; 4 (4)       ; 4            ; 0           ; 0     ; 0    ; 0      ; 0            ; 0       ; 0         ; 0         ; 0    ; 0            ; 0 (0)        ; 4 (4)             ; 0 (0)            ; 0 (0)           ; 0 (0)      ; |SixDigit_Electronic_Lock_Controller|passwd_register:set_password3|register:r5 ;
;       |register:r6|                  ; 4 (4)       ; 4            ; 0           ; 0     ; 0    ; 0      ; 0            ; 0       ; 0         ; 0         ; 0    ; 0            ; 0 (0)        ; 4 (4)             ; 0 (0)            ; 0 (0)           ; 0 (0)      ; |SixDigit_Electronic_Lock_Controller|passwd_register:set_password3|register:r6 ;
;    |passwd_register:set_password4|   ; 27 (3)      ; 24           ; 0           ; 0     ; 0    ; 0      ; 0            ; 0       ; 0         ; 0         ; 0    ; 0            ; 3 (3)        ; 24 (0)            ; 0 (0)            ; 0 (0)           ; 0 (0)      ; |SixDigit_Electronic_Lock_Controller|passwd_register:set_password4             ;
;       |register:r1|                  ; 4 (4)       ; 4            ; 0           ; 0     ; 0    ; 0      ; 0            ; 0       ; 0         ; 0         ; 0    ; 0            ; 0 (0)        ; 4 (4)             ; 0 (0)            ; 0 (0)           ; 0 (0)      ; |SixDigit_Electronic_Lock_Controller|passwd_register:set_password4|register:r1 ;
;       |register:r2|                  ; 4 (4)       ; 4            ; 0           ; 0     ; 0    ; 0      ; 0            ; 0       ; 0         ; 0         ; 0    ; 0            ; 0 (0)        ; 4 (4)             ; 0 (0)            ; 0 (0)           ; 0 (0)      ; |SixDigit_Electronic_Lock_Controller|passwd_register:set_password4|register:r2 ;
;       |register:r3|                  ; 4 (4)       ; 4            ; 0           ; 0     ; 0    ; 0      ; 0            ; 0       ; 0         ; 0         ; 0    ; 0            ; 0 (0)        ; 4 (4)             ; 0 (0)            ; 0 (0)           ; 0 (0)      ; |SixDigit_Electronic_Lock_Controller|passwd_register:set_password4|register:r3 ;
;       |register:r4|                  ; 4 (4)       ; 4            ; 0           ; 0     ; 0    ; 0      ; 0            ; 0       ; 0         ; 0         ; 0    ; 0            ; 0 (0)        ; 4 (4)             ; 0 (0)            ; 0 (0)           ; 0 (0)      ; |SixDigit_Electronic_Lock_Controller|passwd_register:set_password4|register:r4 ;
;       |register:r5|                  ; 4 (4)       ; 4            ; 0           ; 0     ; 0    ; 0      ; 0            ; 0       ; 0         ; 0         ; 0    ; 0            ; 0 (0)        ; 4 (4)             ; 0 (0)            ; 0 (0)           ; 0 (0)      ; |SixDigit_Electronic_Lock_Controller|passwd_register:set_password4|register:r5 ;
;       |register:r6|                  ; 4 (4)       ; 4            ; 0           ; 0     ; 0    ; 0      ; 0            ; 0       ; 0         ; 0         ; 0    ; 0            ; 0 (0)        ; 4 (4)             ; 0 (0)            ; 0 (0)           ; 0 (0)      ; |SixDigit_Electronic_Lock_Controller|passwd_register:set_password4|register:r6 ;
;    |timer:tm|                        ; 32 (32)     ; 25           ; 0           ; 0     ; 0    ; 0      ; 0            ; 0       ; 0         ; 0         ; 0    ; 0            ; 7 (7)        ; 0 (0)             ; 25 (25)          ; 23 (23)         ; 0 (0)      ; |SixDigit_Electronic_Lock_Controller|timer:tm                                  ;
;    |yima2to4:yima_mode|              ; 1 (1)       ; 0            ; 0           ; 0     ; 0    ; 0      ; 0            ; 0       ; 0         ; 0         ; 0    ; 0            ; 1 (1)        ; 0 (0)             ; 0 (0)            ; 0 (0)           ; 0 (0)      ; |SixDigit_Electronic_Lock_Controller|yima2to4:yima_mode                        ;
+--------------------------------------+-------------+--------------+-------------+-------+------+--------+--------------+---------+-----------+-----------+------+--------------+--------------+-------------------+------------------+-----------------+------------+--------------------------------------------------------------------------------+
Note: For table entries with two numbers listed, the numbers in parentheses indicate the number of resources of the given type used by the specific entity alone. The numbers listed outside of parentheses indicate the total resources of the given type used by the specific entity and all of its sub-entities in the hierarchy.


+--------------------------------------------------------------------------------+
; State Machine - |SixDigit_Electronic_Lock_Controller|led_flasher:led_fls|state ;
+-------------+------------+------------+----------------------------------------+
; Name        ; state.IDLE ; state.DONE ; state.FLASH                            ;
+-------------+------------+------------+----------------------------------------+
; state.IDLE  ; 0          ; 0          ; 0                                      ;
; state.DONE  ; 1          ; 1          ; 0                                      ;
; state.FLASH ; 1          ; 0          ; 1                                      ;
+-------------+------------+------------+----------------------------------------+


+------------------------------------------------------+
; General Register Statistics                          ;
+----------------------------------------------+-------+
; Statistic                                    ; Value ;
+----------------------------------------------+-------+
; Total registers                              ; 181   ;
; Number of registers using Synchronous Clear  ; 0     ;
; Number of registers using Synchronous Load   ; 0     ;
; Number of registers using Asynchronous Clear ; 120   ;
; Number of registers using Asynchronous Load  ; 0     ;
; Number of registers using Clock Enable       ; 28    ;
; Number of registers using Preset             ; 0     ;
+----------------------------------------------+-------+


+---------------------------------------------------------------------------------------------------------------------------------------------------------------------------------------+
; Multiplexer Restructuring Statistics (Restructuring Performed)                                                                                                                        ;
+--------------------+-----------+---------------+----------------------+------------------------+------------+-------------------------------------------------------------------------+
; Multiplexer Inputs ; Bus Width ; Baseline Area ; Area if Restructured ; Saving if Restructured ; Registered ; Example Multiplexer Output                                              ;
+--------------------+-----------+---------------+----------------------+------------------------+------------+-------------------------------------------------------------------------+
; 4:1                ; 8 bits    ; 16 LEs        ; 16 LEs               ; 0 LEs                  ; Yes        ; |SixDigit_Electronic_Lock_Controller|out2_reg[1]                        ;
; 4:1                ; 8 bits    ; 16 LEs        ; 16 LEs               ; 0 LEs                  ; Yes        ; |SixDigit_Electronic_Lock_Controller|out5_reg[0]                        ;
; 4:1                ; 8 bits    ; 16 LEs        ; 16 LEs               ; 0 LEs                  ; Yes        ; |SixDigit_Electronic_Lock_Controller|out4_reg[0]                        ;
; 4:1                ; 4 bits    ; 8 LEs         ; 4 LEs                ; 4 LEs                  ; Yes        ; |SixDigit_Electronic_Lock_Controller|led_flasher:led_fls|flash_count[3] ;
+--------------------+-----------+---------------+----------------------+------------------------+------------+-------------------------------------------------------------------------+


+------------------------------------------------------------------+
; Parameter Settings for User Entity Instance: led_flasher:led_fls ;
+----------------+-------+-----------------------------------------+
; Parameter Name ; Value ; Type                                    ;
+----------------+-------+-----------------------------------------+
; IDLE           ; 00    ; Binary                                  ;
; FLASH          ; 01    ; Binary                                  ;
; DONE           ; 10    ; Binary                                  ;
+----------------+-------+-----------------------------------------+
Note: In order to hide this table in the UI and the text report file, please set the "Show Parameter Settings Tables in Synthesis Report" option in "Analysis and Synthesis Settings -> More Settings" to "Off".


+-------------------------------+
; Analysis & Synthesis Messages ;
+-------------------------------+
Info: *******************************************************************
Info: Running Quartus II Analysis & Synthesis
    Info: Version 6.0 Build 202 06/20/2006 Service Pack 1 SJ Full Version
    Info: Processing started: Sun Jun 16 02:27:24 2024
Info: Command: quartus_map --read_settings_files=on --write_settings_files=off SixDigit_Electronic_Lock_Controller -c SixDigit_Electronic_Lock_Controller
Warning (10236): Verilog HDL net warning at SixDigit_Electronic_Lock_Controller.v(132): created undeclared net "error_flag"
Info: Found 1 design units, including 1 entities, in source file SixDigit_Electronic_Lock_Controller.v
    Info: Found entity 1: SixDigit_Electronic_Lock_Controller
Info: Found 1 design units, including 1 entities, in source file register.v
    Info: Found entity 1: register
Info: Found 1 design units, including 1 entities, in source file passwd_register.v
    Info: Found entity 1: passwd_register
Warning: Can't analyze file -- file C:/Users/ASUS/Desktop/Six-digit_Electronic_Lock_Controller/src/reset.v is missing
Warning: Can't analyze file -- file C:/Users/ASUS/Desktop/Six-digit_Electronic_Lock_Controller/src/4to1.v is missing
Warning: Can't analyze file -- file C:/Users/ASUS/Desktop/Six-digit_Electronic_Lock_Controller/src/2to4.v is missing
Info: Found 1 design units, including 1 entities, in source file yima2to4.v
    Info: Found entity 1: yima2to4
Warning: Can't analyze file -- file C:/Users/ASUS/Desktop/Six-digit_Electronic_Lock_Controller/src/mux4to1.v is missing
Info: Found 1 design units, including 1 entities, in source file error_counter.v
    Info: Found entity 1: error_counter
Info: Found 1 design units, including 1 entities, in source file led_flasher.v
    Info: Found entity 1: led_flasher
Info: Found 1 design units, including 1 entities, in source file timer.v
    Info: Found entity 1: timer
Warning: Can't analyze file -- file C:/Users/ASUS/Desktop/Six-digit_Electronic_Lock_Controller/src/forbid_mode.v is missing
Info: Found 1 design units, including 1 entities, in source file mode_switch_checker.v
    Info: Found entity 1: mode_switch_checker
Info: Elaborating entity "SixDigit_Electronic_Lock_Controller" for the top level hierarchy
Info (10264): Verilog HDL Case Statement information at SixDigit_Electronic_Lock_Controller.v(144): all case item expressions in this case statement are onehot
Info: Elaborating entity "yima2to4" for hierarchy "yima2to4:yima_mode"
Info: Elaborating entity "passwd_register" for hierarchy "passwd_register:set_password1"
Info: Elaborating entity "register" for hierarchy "passwd_register:set_password1|register:r1"
Warning: Using design file judge.v, which is not specified as a design file for the current project, but contains definitions for 1 design units and 1 entities in project
    Info: Found entity 1: judge
Info: Elaborating entity "judge" for hierarchy "judge:jg1"
Warning (10235): Verilog HDL Always Construct warning at judge.v(11): variable "a1" is read inside the Always Construct but isn't in the Always Construct's Event Control
Warning (10235): Verilog HDL Always Construct warning at judge.v(11): variable "b1" is read inside the Always Construct but isn't in the Always Construct's Event Control
Warning (10235): Verilog HDL Always Construct warning at judge.v(11): variable "a2" is read inside the Always Construct but isn't in the Always Construct's Event Control
Warning (10235): Verilog HDL Always Construct warning at judge.v(11): variable "b2" is read inside the Always Construct but isn't in the Always Construct's Event Control
Warning (10235): Verilog HDL Always Construct warning at judge.v(11): variable "a3" is read inside the Always Construct but isn't in the Always Construct's Event Control
Warning (10235): Verilog HDL Always Construct warning at judge.v(11): variable "b3" is read inside the Always Construct but isn't in the Always Construct's Event Control
Warning (10235): Verilog HDL Always Construct warning at judge.v(11): variable "a4" is read inside the Always Construct but isn't in the Always Construct's Event Control
Warning (10235): Verilog HDL Always Construct warning at judge.v(11): variable "b4" is read inside the Always Construct but isn't in the Always Construct's Event Control
Warning (10235): Verilog HDL Always Construct warning at judge.v(11): variable "a5" is read inside the Always Construct but isn't in the Always Construct's Event Control
Warning (10235): Verilog HDL Always Construct warning at judge.v(11): variable "b5" is read inside the Always Construct but isn't in the Always Construct's Event Control
Warning (10235): Verilog HDL Always Construct warning at judge.v(11): variable "a6" is read inside the Always Construct but isn't in the Always Construct's Event Control
Warning (10235): Verilog HDL Always Construct warning at judge.v(11): variable "b6" is read inside the Always Construct but isn't in the Always Construct's Event Control
Info: Elaborating entity "error_counter" for hierarchy "error_counter:error_cnt"
Warning (10230): Verilog HDL assignment warning at error_counter.v(11): truncated value with size 32 to match size of target (2)
Info: Elaborating entity "timer" for hierarchy "timer:tm"
Warning (10230): Verilog HDL assignment warning at timer.v(8): truncated value with size 32 to match size of target (24)
Info: Elaborating entity "led_flasher" for hierarchy "led_flasher:led_fls"
Warning (10230): Verilog HDL assignment warning at led_flasher.v(24): truncated value with size 32 to match size of target (4)
Info: Elaborating entity "mode_switch_checker" for hierarchy "mode_switch_checker:mode_chk"
Warning: Port "#2" on the entity instantiation of "yima_passwd" is connected to a signal of width 32. The formal width of the signal in the module is 1.  Extra bits will be driven by GND.
Warning: Port "#2" on the entity instantiation of "yima_mode" is connected to a signal of width 32. The formal width of the signal in the module is 1.  Extra bits will be driven by GND.
Info: State machine "|SixDigit_Electronic_Lock_Controller|led_flasher:led_fls|state" contains 3 states
Info: Selected Auto state machine encoding method for state machine "|SixDigit_Electronic_Lock_Controller|led_flasher:led_fls|state"
Info: Encoding result for state machine "|SixDigit_Electronic_Lock_Controller|led_flasher:led_fls|state"
    Info: Completed encoding using 3 state bits
        Info: Encoded state bit "led_flasher:led_fls|state.IDLE"
        Info: Encoded state bit "led_flasher:led_fls|state.DONE"
        Info: Encoded state bit "led_flasher:led_fls|state.FLASH"
    Info: State "|SixDigit_Electronic_Lock_Controller|led_flasher:led_fls|state.IDLE" uses code string "000"
    Info: State "|SixDigit_Electronic_Lock_Controller|led_flasher:led_fls|state.DONE" uses code string "110"
    Info: State "|SixDigit_Electronic_Lock_Controller|led_flasher:led_fls|state.FLASH" uses code string "101"
Info: Implemented 465 device resources after synthesis - the final resource count might be different
    Info: Implemented 16 input pins
    Info: Implemented 146 output pins
    Info: Implemented 303 logic cells
Info: Quartus II Analysis & Synthesis was successful. 0 errors, 24 warnings
    Info: Processing ended: Sun Jun 16 02:27:25 2024
    Info: Elapsed time: 00:00:01


